root@configmap-demo-pod:/config# kubectl get pods
bash: kubectl: command not found
root@configmap-demo-pod:/config# exit
exit
command terminated with exit code 127
(base) stomar-n@Sudhirs-MacBook-Pro-3 dockerKubernettes % kubectl exec -it configmap-demo-pod  
(base) stomar-n@Sudhirs-MacBook-Pro-3 dockerKubernettes % cd secrets 
(base) stomar-n@Sudhirs-MacBook-Pro-3 secrets % echo -n 'admin' > username.txt
(base) stomar-n@Sudhirs-MacBook-Pro-3 secrets % echo -n 'pa$$w00rd' > password.txt
(base) stomar-n@Sudhirs-MacBook-Pro-3 secrets % kubectl create secret generic nginx-secret-vol --from-file=username.txt --from-file=password.txt
secret/nginx-secret-vol created
(base) stomar-n@Sudhirs-MacBook-Pro-3 secrets % kubects get secrets
zsh: command not found: kubects
(base) stomar-n@Sudhirs-MacBook-Pro-3 secrets % kubectl get secrets
NAME                  TYPE                                  DATA   AGE
default-token-ph5nf   kubernetes.io/service-account-token   3      13d
nginx-secret-vol      Opaque                                2      62s
(base) stomar-n@Sudhirs-MacBook-Pro-3 secrets % kubectl describe secret nginx-secret-vol 
Name:         nginx-secret-vol
Namespace:    default
Labels:       <none>
Annotations:  <none>

Type:  Opaque

Data
====
password.txt:  9 bytes
username.txt:  5 bytes
(base) stomar-n@Sudhirs-MacBook-Pro-3 secrets % kubectl get secret nginx-secret-vol -o yaml
apiVersion: v1
data:
  password.txt: cGEkJHcwMHJk
  username.txt: YWRtaW4=
kind: Secret
metadata:
  creationTimestamp: "2021-01-09T15:27:04Z"
  managedFields:
  - apiVersion: v1
    fieldsType: FieldsV1
    fieldsV1:
      f:data:
        .: {}
        f:password.txt: {}
        f:username.txt: {}
      f:type: {}
    manager: kubectl-create
    operation: Update
    time: "2021-01-09T15:27:04Z"
  name: nginx-secret-vol
  namespace: default
  resourceVersion: "23388"
  uid: 83aa668e-6403-4f21-a200-95bc4ffc0b53
type: Opaque
(base) stomar-n@Sudhirs-MacBook-Pro-3 secrets % cd ..
(base) stomar-n@Sudhirs-MacBook-Pro-3 dockerKubernettes % kubectl create -f secretpod.yaml 
pod/nginx-pod-secret-vol created
(base) stomar-n@Sudhirs-MacBook-Pro-3 dockerKubernettes % kubect get pods
zsh: command not found: kubect
(base) stomar-n@Sudhirs-MacBook-Pro-3 dockerKubernettes % kubectl get pods
NAME                      READY   STATUS    RESTARTS   AGE
configmap-demo-pod        1/1     Running   0          41m
envar-demo                1/1     Running   0          69m
nginx-pod-configmap-vol   1/1     Running   0          87m
nginx-pod-secret-vol      1/1     Running   0          13s
redis-pod-configmap-env   1/1     Running   0          59m
(base) stomar-n@Sudhirs-MacBook-Pro-3 dockerKubernettes % kubectl describe pod nginx-pod-secret-vol
Name:         nginx-pod-secret-vol
Namespace:    default
Priority:     0
Node:         minikube/192.168.49.2
Start Time:   Sat, 09 Jan 2021 07:31:41 -0800
Labels:       <none>
Annotations:  <none>
Status:       Running
IP:           172.17.0.9
IPs:
  IP:  172.17.0.9
Containers:
  nginx-container:
    Container ID:   docker://c6441ac4a65b37973186c3edfb43b54b35790aec039f2920ac6ef7153f59075a
    Image:          nginx
    Image ID:       docker-pullable://nginx@sha256:4cf620a5c81390ee209398ecc18e5fb9dd0f5155cd82adcbae532fec94006fb9
    Port:           <none>
    Host Port:      <none>
    State:          Running
      Started:      Sat, 09 Jan 2021 07:31:44 -0800
    Ready:          True
    Restart Count:  0
    Environment:    <none>
    Mounts:
      /etc/confidential from test-vol (ro)
      /var/run/secrets/kubernetes.io/serviceaccount from default-token-ph5nf (ro)
Conditions:
  Type              Status
  Initialized       True 
  Ready             True 
  ContainersReady   True 
  PodScheduled      True 
Volumes:
  test-vol:
    Type:        Secret (a volume populated by a Secret)
    SecretName:  nginx-secret-vol
    Optional:    false
  default-token-ph5nf:
    Type:        Secret (a volume populated by a Secret)
    SecretName:  default-token-ph5nf
    Optional:    false
QoS Class:       BestEffort
Node-Selectors:  <none>
Tolerations:     node.kubernetes.io/not-ready:NoExecute op=Exists for 300s
                 node.kubernetes.io/unreachable:NoExecute op=Exists for 300s
Events:
  Type    Reason     Age   From               Message
  ----    ------     ----  ----               -------
  Normal  Scheduled  30s   default-scheduler  Successfully assigned default/nginx-pod-secret-vol to minikube
  Normal  Pulling    29s   kubelet            Pulling image "nginx"
  Normal  Pulled     27s   kubelet            Successfully pulled image "nginx" in 1.6284888s
  Normal  Created    27s   kubelet            Created container nginx-container
  Normal  Started    27s   kubelet            Started container nginx-container
(base) stomar-n@Sudhirs-MacBook-Pro-3 dockerKubernettes % kubectl exec -it nginx-pod-secret-vol   -- bash
root@nginx-pod-secret-vol:/# cd /etc/confidential/
root@nginx-pod-secret-vol:/etc/confidential# ls -la
total 8
drwxrwxrwt 3 root root  120 Jan  9 15:31 .
drwxr-xr-x 1 root root 4096 Jan  9 15:31 ..
drwxr-xr-x 2 root root   80 Jan  9 15:31 ..2021_01_09_15_31_41.837253976
lrwxrwxrwx 1 root root   31 Jan  9 15:31 ..data -> ..2021_01_09_15_31_41.837253976
lrwxrwxrwx 1 root root   19 Jan  9 15:31 password.txt -> ..data/password.txt
lrwxrwxrwx 1 root root   19 Jan  9 15:31 username.txt -> ..data/username.txt
root@nginx-pod-secret-vol:/etc/confidential# cat password.txt 
pa$$w00rdroot@nginx-pod-secret-vol:/etc/confidential# cat username.txt 
adminroot@nginx-pod-secret-vol:/etc/confidential# exit
exit
(base) stomar-n@Sudhirs-MacBook-Pro-3 dockerKubernettes % kubectl -f secrets.yaml 
Error: unknown shorthand flag: 'f' in -f
See 'kubectl --help' for usage.
(base) stomar-n@Sudhirs-MacBook-Pro-3 dockerKubernettes % kubectl create -f secrets.yaml
secret/redis-secret-env created
(base) stomar-n@Sudhirs-MacBook-Pro-3 dockerKubernettes % kubectl create -f secretsenv.yaml
pod/redis-pod-secret-env created
(base) stomar-n@Sudhirs-MacBook-Pro-3 dockerKubernettes % kubectl exec -it redis-pod-secret-env 
error: you must specify at least one command for the container
(base) stomar-n@Sudhirs-MacBook-Pro-3 dockerKubernettes % kubectl exec -it redis-pod-secret-env-- bash
kubectl exec [POD] [COMMAND] is DEPRECATED and will be removed in a future version. Use kubectl exec [POD] -- [COMMAND] instead.
Error from server (NotFound): pods "redis-pod-secret-env--" not found
(base) stomar-n@Sudhirs-MacBook-Pro-3 dockerKubernettes % kubectl exec -it redis-pod-secret-env -- bash
root@redis-pod-secret-env:/data# ls -la
total 8
drwxr-xr-x 2 redis redis 4096 Dec 11 16:24 .
drwxr-xr-x 1 root  root  4096 Jan  9 15:38 ..
root@redis-pod-secret-env:/data# env
KUBERNETES_SERVICE_PORT_HTTPS=443
KUBERNETES_SERVICE_PORT=443
HOSTNAME=redis-pod-secret-env
REDIS_DOWNLOAD_SHA=dc2bdcf81c620e9f09cfd12e85d3bc631c897b2db7a55218fd8a65eaa37f86dd
PWD=/data
HOME=/root
KUBERNETES_PORT_443_TCP=tcp://10.96.0.1:443
REDIS_VERSION=6.0.9
SECRET_USERNAME=admin
GOSU_VERSION=1.12
TERM=xterm
REDIS_DOWNLOAD_URL=http://download.redis.io/releases/redis-6.0.9.tar.gz
SHLVL=1
KUBERNETES_PORT_443_TCP_PROTO=tcp
KUBERNETES_PORT_443_TCP_ADDR=10.96.0.1
KUBERNETES_SERVICE_HOST=10.96.0.1
KUBERNETES_PORT=tcp://10.96.0.1:443
KUBERNETES_PORT_443_TCP_PORT=443
PATH=/usr/local/sbin:/usr/local/bin:/usr/sbin:/usr/bin:/sbin:/bin
SECRET_PASSWORD=pa$$w00rd
_=/usr/bin/env
root@redis-pod-secret-env:/data# exit
exit
(base) stomar-n@Sudhirs-MacBook-Pro-3 dockerKubernettes % kubectl describe pod redis-pod-secret-env
Name:         redis-pod-secret-env
Namespace:    default
Priority:     0
Node:         minikube/192.168.49.2
Start Time:   Sat, 09 Jan 2021 07:38:15 -0800
Labels:       <none>
Annotations:  <none>
Status:       Running
IP:           172.17.0.10
IPs:
  IP:  172.17.0.10
Containers:
  redis-container:
    Container ID:   docker://de50dc3480ebc367278fddb124c5b0005707b68968cd8ac6151ad6dc0445c387
    Image:          redis
    Image ID:       docker-pullable://redis@sha256:0f724af268d0d3f5fb1d6b33fc22127ba5cbca2d58523b286ed3122db0dc5381
    Port:           <none>
    Host Port:      <none>
    State:          Running
      Started:      Sat, 09 Jan 2021 07:38:18 -0800
    Ready:          True
    Restart Count:  0
    Environment:
      SECRET_USERNAME:  <set to the key 'username' in secret 'redis-secret-env'>  Optional: false
      SECRET_PASSWORD:  <set to the key 'password' in secret 'redis-secret-env'>  Optional: false
    Mounts:
      /var/run/secrets/kubernetes.io/serviceaccount from default-token-ph5nf (ro)
Conditions:
  Type              Status
(base) stomar-n@Sudhirs-MacBook-Pro-3 dockerKubernettes % kubectl create -f rc.yaml
error: no objects passed to create
(base) stomar-n@Sudhirs-MacBook-Pro-3 dockerKubernettes % kubectl create -f rc.yaml
replicationcontroller/nginx-rc created
(base) stomar-n@Sudhirs-MacBook-Pro-3 dockerKubernettes % kubectl get rc
NAME       DESIRED   CURRENT   READY   AGE
nginx-rc   3         3         3       103s
(base) stomar-n@Sudhirs-MacBook-Pro-3 dockerKubernettes % kubectl create -f rc-2.yaml
Error from server (BadRequest): error when creating "rc-2.yaml": pod in version "v1" cannot be handled as a Pod: no kind "pod" is registered for version "v1" in scheme "k8s.io/kubernetes/pkg/api/legacyscheme/scheme.go:30"
(base) stomar-n@Sudhirs-MacBook-Pro-3 dockerKubernettes % kubectl create -f rc-2.yaml
error: error validating "rc-2.yaml": error validating data: ValidationError(Pod.spec): unknown field "image" in io.k8s.api.core.v1.PodSpec; if you choose to ignore these errors, turn validation off with --validate=false
(base) stomar-n@Sudhirs-MacBook-Pro-3 dockerKubernettes % kubectl create -f rc-2.yaml
pod/pod1 created
(base) stomar-n@Sudhirs-MacBook-Pro-3 dockerKubernettes % kubectl get pods
NAME                      READY   STATUS    RESTARTS   AGE
configmap-demo-pod        1/1     Running   0          22h
envar-demo                1/1     Running   0          23h
nginx-pod-configmap-vol   1/1     Running   0          23h
nginx-pod-secret-vol      1/1     Running   0          22h
nginx-rc-rh4wv            1/1     Running   0          3m20s
nginx-rc-zk6xd            1/1     Running   0          3m20s
nginx-rc-zv5b9            1/1     Running   0          3m20s
redis-pod-configmap-env   1/1     Running   0          23h
redis-pod-secret-env      1/1     Running   0          22h
(base) stomar-n@Sudhirs-MacBook-Pro-3 dockerKubernettes % kubectl get pods -o wide
NAME                      READY   STATUS    RESTARTS   AGE     IP            NODE       NOMINATED NODE   READINESS GATES
configmap-demo-pod        1/1     Running   0          22h     172.17.0.8    minikube   <none>           <none>
envar-demo                1/1     Running   0          23h     172.17.0.6    minikube   <none>           <none>
nginx-pod-configmap-vol   1/1     Running   0          23h     172.17.0.5    minikube   <none>           <none>
nginx-pod-secret-vol      1/1     Running   0          22h     172.17.0.9    minikube   <none>           <none>
nginx-rc-rh4wv            1/1     Running   0          3m44s   172.17.0.13   minikube   <none>           <none>
nginx-rc-zk6xd            1/1     Running   0          3m44s   172.17.0.11   minikube   <none>           <none>
nginx-rc-zv5b9            1/1     Running   0          3m44s   172.17.0.12   minikube   <none>           <none>
redis-pod-configmap-env   1/1     Running   0          23h     172.17.0.7    minikube   <none>           <none>
redis-pod-secret-env      1/1     Running   0          22h     172.17.0.10   minikube   <none>           <none>
(base) stomar-n@Sudhirs-MacBook-Pro-3 dockerKubernettes % kubectl scale rc nginx-rc --replicas=10
replicationcontroller/nginx-rc scaled
(base) stomar-n@Sudhirs-MacBook-Pro-3 dockerKubernettes % kubectl get pods -o wide               
NAME                      READY   STATUS              RESTARTS   AGE    IP            NODE       NOMINATED NODE   READINESS GATES
configmap-demo-pod        1/1     Running             0          22h    172.17.0.8    minikube   <none>           <none>
envar-demo                1/1     Running             0          23h    172.17.0.6    minikube   <none>           <none>
nginx-pod-configmap-vol   1/1     Running             0          23h    172.17.0.5    minikube   <none>           <none>
nginx-pod-secret-vol      1/1     Running             0          22h    172.17.0.9    minikube   <none>           <none>
nginx-rc-ch6vm            0/1     ContainerCreating   0          5s     <none>        minikube   <none>           <none>
nginx-rc-fk6bl            0/1     ContainerCreating   0          5s     <none>        minikube   <none>           <none>
nginx-rc-g5msd            1/1     Running             0          5s     172.17.0.15   minikube   <none>           <none>
nginx-rc-jsfzn            0/1     ContainerCreating   0          5s     <none>        minikube   <none>           <none>
nginx-rc-k27sb            0/1     ContainerCreating   0          5s     <none>        minikube   <none>           <none>
nginx-rc-lljjx            0/1     ContainerCreating   0          5s     <none>        minikube   <none>           <none>
nginx-rc-mksw5            0/1     ContainerCreating   0          5s     <none>        minikube   <none>           <none>
nginx-rc-rh4wv            1/1     Running             0          7m8s   172.17.0.13   minikube   <none>           <none>
nginx-rc-zk6xd            1/1     Running             0          7m8s   172.17.0.11   minikube   <none>           <none>
nginx-rc-zv5b9            1/1     Running             0          7m8s   172.17.0.12   minikube   <none>           <none>
redis-pod-configmap-env   1/1     Running             0          23h    172.17.0.7    minikube   <none>           <none>
redis-pod-secret-env      1/1     Running             0          22h    172.17.0.10   minikube   <none>           <none>
(base) stomar-n@Sudhirs-MacBook-Pro-3 dockerKubernettes % kubectl scale rc nginx-rc --replicas=2 
replicationcontroller/nginx-rc scaled
(base) stomar-n@Sudhirs-MacBook-Pro-3 dockerKubernettes % kubectl get pods -o wide              
NAME                      READY   STATUS        RESTARTS   AGE     IP            NODE       NOMINATED NODE   READINESS GATES
configmap-demo-pod        1/1     Running       0          22h     172.17.0.8    minikube   <none>           <none>
envar-demo                1/1     Running       0          23h     172.17.0.6    minikube   <none>           <none>
nginx-pod-configmap-vol   1/1     Running       0          23h     172.17.0.5    minikube   <none>           <none>
nginx-pod-secret-vol      1/1     Running       0          22h     172.17.0.9    minikube   <none>           <none>
nginx-rc-ch6vm            0/1     Terminating   0          30s     172.17.0.19   minikube   <none>           <none>
nginx-rc-fk6bl            0/1     Terminating   0          30s     172.17.0.16   minikube   <none>           <none>
nginx-rc-g5msd            0/1     Terminating   0          30s     172.17.0.15   minikube   <none>           <none>
nginx-rc-jsfzn            1/1     Terminating   0          30s     172.17.0.14   minikube   <none>           <none>
nginx-rc-k27sb            0/1     Terminating   0          30s     172.17.0.18   minikube   <none>           <none>
nginx-rc-lljjx            0/1     Terminating   0          30s     172.17.0.17   minikube   <none>           <none>
nginx-rc-mksw5            0/1     Terminating   0          30s     172.17.0.20   minikube   <none>           <none>
nginx-rc-rh4wv            0/1     Terminating   0          7m33s   172.17.0.13   minikube   <none>           <none>
nginx-rc-zk6xd            1/1     Running       0          7m33s   172.17.0.11   minikube   <none>           <none>
nginx-rc-zv5b9            1/1     Running       0          7m33s   172.17.0.12   minikube   <none>           <none>
redis-pod-configmap-env   1/1     Running       0          23h     172.17.0.7    minikube   <none>           <none>
redis-pod-secret-env      1/1     Running       0          22h     172.17.0.10   minikube   <none>           <none>
(base) stomar-n@Sudhirs-MacBook-Pro-3 dockerKubernettes % kubectl get pods -o wide
NAME                      READY   STATUS    RESTARTS   AGE     IP            NODE       NOMINATED NODE   READINESS GATES
configmap-demo-pod        1/1     Running   0          22h     172.17.0.8    minikube   <none>           <none>
envar-demo                1/1     Running   0          23h     172.17.0.6    minikube   <none>           <none>
nginx-pod-configmap-vol   1/1     Running   0          23h     172.17.0.5    minikube   <none>           <none>
nginx-pod-secret-vol      1/1     Running   0          22h     172.17.0.9    minikube   <none>           <none>
nginx-rc-zk6xd            1/1     Running   0          9m28s   172.17.0.11   minikube   <none>           <none>
nginx-rc-zv5b9            1/1     Running   0          9m28s   172.17.0.12   minikube   <none>           <none>
redis-pod-configmap-env   1/1     Running   0          23h     172.17.0.7    minikube   <none>           <none>
redis-pod-secret-env      1/1     Running   0          22h     172.17.0.10   minikube   <none>           <none>
(base) stomar-n@Sudhirs-MacBook-Pro-3 dockerKubernettes % kubectl get rc -o wide
NAME       DESIRED   CURRENT   READY   AGE   CONTAINERS        IMAGES   SELECTOR
nginx-rc   2         2         2       13m   nginx-container   nginx    app=nginx-app
(base) stomar-n@Sudhirs-MacBook-Pro-3 dockerKubernettes % kubectl get pods -o wide --watch
NAME                      READY   STATUS    RESTARTS   AGE   IP            NODE       NOMINATED NODE   READINESS GATES
configmap-demo-pod        1/1     Running   0          23h   172.17.0.8    minikube   <none>           <none>
envar-demo                1/1     Running   0          23h   172.17.0.6    minikube   <none>           <none>
nginx-pod-configmap-vol   1/1     Running   0          23h   172.17.0.5    minikube   <none>           <none>
nginx-pod-secret-vol      1/1     Running   0          22h   172.17.0.9    minikube   <none>           <none>
nginx-rc-zk6xd            1/1     Running   0          15m   172.17.0.11   minikube   <none>           <none>
nginx-rc-zv5b9            1/1     Running   0          15m   172.17.0.12   minikube   <none>           <none>
redis-pod-configmap-env   1/1     Running   0          23h   172.17.0.7    minikube   <none>           <none>
redis-pod-secret-env      1/1     Running   0          22h   172.17.0.10   minikube   <none>           <none>
^C%                                                                                                                                                                                                                          
(base) stomar-n@Sudhirs-MacBook-Pro-3 dockerKubernettes % kubectl create -f rs.yaml 
replicaset.apps/nginx-rs created
(base) stomar-n@Sudhirs-MacBook-Pro-3 dockerKubernettes % kubectl get rs -o wide
NAME       DESIRED   CURRENT   READY   AGE   CONTAINERS        IMAGES   SELECTOR
nginx-rs   3         3         3       15s   nginx-container   nginx    app=nginx-app,tier in (frontend)
(base) stomar-n@Sudhirs-MacBook-Pro-3 dockerKubernettes % 